------------------------------------------------------------
Timing Analyzer Summary
------------------------------------------------------------

Type  : Slow 1200mV 85C Model Setup 'clk'
Slack : -8.901
TNS   : -419.691

Type  : Slow 1200mV 85C Model Setup 'instruction_decoder:inst_decoder|ir[0]'
Slack : -4.060
TNS   : -28.444

Type  : Slow 1200mV 85C Model Setup 'program_sequencer:prog_sequencer|hold'
Slack : -3.849
TNS   : -20.816

Type  : Slow 1200mV 85C Model Hold 'clk'
Slack : 0.405
TNS   : 0.000

Type  : Slow 1200mV 85C Model Hold 'program_sequencer:prog_sequencer|hold'
Slack : 0.693
TNS   : 0.000

Type  : Slow 1200mV 85C Model Hold 'instruction_decoder:inst_decoder|ir[0]'
Slack : 0.864
TNS   : 0.000

Type  : Slow 1200mV 85C Model Recovery 'program_sequencer:prog_sequencer|hold'
Slack : -1.444
TNS   : -8.644

Type  : Slow 1200mV 85C Model Removal 'program_sequencer:prog_sequencer|hold'
Slack : 0.334
TNS   : 0.000

Type  : Slow 1200mV 85C Model Minimum Pulse Width 'clk'
Slack : -3.000
TNS   : -206.302

Type  : Slow 1200mV 85C Model Minimum Pulse Width 'instruction_decoder:inst_decoder|ir[0]'
Slack : 0.348
TNS   : 0.000

Type  : Slow 1200mV 85C Model Minimum Pulse Width 'program_sequencer:prog_sequencer|hold'
Slack : 0.378
TNS   : 0.000

Type  : Slow 1200mV 0C Model Setup 'clk'
Slack : -8.162
TNS   : -380.229

Type  : Slow 1200mV 0C Model Setup 'instruction_decoder:inst_decoder|ir[0]'
Slack : -3.560
TNS   : -25.150

Type  : Slow 1200mV 0C Model Setup 'program_sequencer:prog_sequencer|hold'
Slack : -3.492
TNS   : -18.407

Type  : Slow 1200mV 0C Model Hold 'clk'
Slack : 0.356
TNS   : 0.000

Type  : Slow 1200mV 0C Model Hold 'program_sequencer:prog_sequencer|hold'
Slack : 0.601
TNS   : 0.000

Type  : Slow 1200mV 0C Model Hold 'instruction_decoder:inst_decoder|ir[0]'
Slack : 0.772
TNS   : 0.000

Type  : Slow 1200mV 0C Model Recovery 'program_sequencer:prog_sequencer|hold'
Slack : -1.295
TNS   : -7.270

Type  : Slow 1200mV 0C Model Removal 'program_sequencer:prog_sequencer|hold'
Slack : 0.314
TNS   : 0.000

Type  : Slow 1200mV 0C Model Minimum Pulse Width 'clk'
Slack : -3.000
TNS   : -204.366

Type  : Slow 1200mV 0C Model Minimum Pulse Width 'instruction_decoder:inst_decoder|ir[0]'
Slack : 0.447
TNS   : 0.000

Type  : Slow 1200mV 0C Model Minimum Pulse Width 'program_sequencer:prog_sequencer|hold'
Slack : 0.451
TNS   : 0.000

Type  : Fast 1200mV 0C Model Setup 'clk'
Slack : -4.270
TNS   : -176.697

Type  : Fast 1200mV 0C Model Setup 'program_sequencer:prog_sequencer|hold'
Slack : -1.529
TNS   : -6.606

Type  : Fast 1200mV 0C Model Setup 'instruction_decoder:inst_decoder|ir[0]'
Slack : -1.498
TNS   : -10.593

Type  : Fast 1200mV 0C Model Hold 'clk'
Slack : 0.039
TNS   : 0.000

Type  : Fast 1200mV 0C Model Hold 'program_sequencer:prog_sequencer|hold'
Slack : 0.271
TNS   : 0.000

Type  : Fast 1200mV 0C Model Hold 'instruction_decoder:inst_decoder|ir[0]'
Slack : 0.381
TNS   : 0.000

Type  : Fast 1200mV 0C Model Recovery 'program_sequencer:prog_sequencer|hold'
Slack : -0.285
TNS   : -0.801

Type  : Fast 1200mV 0C Model Removal 'program_sequencer:prog_sequencer|hold'
Slack : 0.123
TNS   : 0.000

Type  : Fast 1200mV 0C Model Minimum Pulse Width 'clk'
Slack : -3.000
TNS   : -122.255

Type  : Fast 1200mV 0C Model Minimum Pulse Width 'instruction_decoder:inst_decoder|ir[0]'
Slack : 0.217
TNS   : 0.000

Type  : Fast 1200mV 0C Model Minimum Pulse Width 'program_sequencer:prog_sequencer|hold'
Slack : 0.296
TNS   : 0.000

------------------------------------------------------------
