------------------------------------------------------------
Timing Analyzer Summary
------------------------------------------------------------

Type  : Slow 1200mV 85C Model Setup 'clk'
Slack : -8.815
TNS   : -369.180

Type  : Slow 1200mV 85C Model Setup 'program_sequencer:prog_sequencer|hold'
Slack : -4.225
TNS   : -23.252

Type  : Slow 1200mV 85C Model Setup 'instruction_decoder:inst_decoder|ir[0]'
Slack : -4.216
TNS   : -28.814

Type  : Slow 1200mV 85C Model Setup 'program_sequencer:prog_sequencer|end_hold'
Slack : -1.734
TNS   : -22.008

Type  : Slow 1200mV 85C Model Hold 'program_sequencer:prog_sequencer|end_hold'
Slack : 0.141
TNS   : 0.000

Type  : Slow 1200mV 85C Model Hold 'clk'
Slack : 0.323
TNS   : 0.000

Type  : Slow 1200mV 85C Model Hold 'instruction_decoder:inst_decoder|ir[0]'
Slack : 0.646
TNS   : 0.000

Type  : Slow 1200mV 85C Model Hold 'program_sequencer:prog_sequencer|hold'
Slack : 0.772
TNS   : 0.000

Type  : Slow 1200mV 85C Model Recovery 'program_sequencer:prog_sequencer|hold'
Slack : -2.168
TNS   : -11.345

Type  : Slow 1200mV 85C Model Removal 'program_sequencer:prog_sequencer|hold'
Slack : 0.387
TNS   : 0.000

Type  : Slow 1200mV 85C Model Minimum Pulse Width 'clk'
Slack : -3.000
TNS   : -121.657

Type  : Slow 1200mV 85C Model Minimum Pulse Width 'program_sequencer:prog_sequencer|end_hold'
Slack : -1.285
TNS   : -20.560

Type  : Slow 1200mV 85C Model Minimum Pulse Width 'program_sequencer:prog_sequencer|hold'
Slack : 0.382
TNS   : 0.000

Type  : Slow 1200mV 85C Model Minimum Pulse Width 'instruction_decoder:inst_decoder|ir[0]'
Slack : 0.450
TNS   : 0.000

Type  : Slow 1200mV 0C Model Setup 'clk'
Slack : -8.093
TNS   : -335.410

Type  : Slow 1200mV 0C Model Setup 'program_sequencer:prog_sequencer|hold'
Slack : -3.777
TNS   : -20.671

Type  : Slow 1200mV 0C Model Setup 'instruction_decoder:inst_decoder|ir[0]'
Slack : -3.690
TNS   : -25.440

Type  : Slow 1200mV 0C Model Setup 'program_sequencer:prog_sequencer|end_hold'
Slack : -1.523
TNS   : -19.308

Type  : Slow 1200mV 0C Model Hold 'program_sequencer:prog_sequencer|end_hold'
Slack : 0.112
TNS   : 0.000

Type  : Slow 1200mV 0C Model Hold 'clk'
Slack : 0.268
TNS   : 0.000

Type  : Slow 1200mV 0C Model Hold 'instruction_decoder:inst_decoder|ir[0]'
Slack : 0.554
TNS   : 0.000

Type  : Slow 1200mV 0C Model Hold 'program_sequencer:prog_sequencer|hold'
Slack : 0.679
TNS   : 0.000

Type  : Slow 1200mV 0C Model Recovery 'program_sequencer:prog_sequencer|hold'
Slack : -1.877
TNS   : -9.693

Type  : Slow 1200mV 0C Model Removal 'program_sequencer:prog_sequencer|hold'
Slack : 0.372
TNS   : 0.000

Type  : Slow 1200mV 0C Model Minimum Pulse Width 'clk'
Slack : -3.000
TNS   : -121.041

Type  : Slow 1200mV 0C Model Minimum Pulse Width 'program_sequencer:prog_sequencer|end_hold'
Slack : -1.285
TNS   : -20.560

Type  : Slow 1200mV 0C Model Minimum Pulse Width 'instruction_decoder:inst_decoder|ir[0]'
Slack : 0.410
TNS   : 0.000

Type  : Slow 1200mV 0C Model Minimum Pulse Width 'program_sequencer:prog_sequencer|hold'
Slack : 0.458
TNS   : 0.000

Type  : Fast 1200mV 0C Model Setup 'clk'
Slack : -4.181
TNS   : -160.750

Type  : Fast 1200mV 0C Model Setup 'program_sequencer:prog_sequencer|hold'
Slack : -1.720
TNS   : -7.721

Type  : Fast 1200mV 0C Model Setup 'instruction_decoder:inst_decoder|ir[0]'
Slack : -1.641
TNS   : -10.645

Type  : Fast 1200mV 0C Model Setup 'program_sequencer:prog_sequencer|end_hold'
Slack : -0.416
TNS   : -2.769

Type  : Fast 1200mV 0C Model Hold 'program_sequencer:prog_sequencer|end_hold'
Slack : 0.065
TNS   : 0.000

Type  : Fast 1200mV 0C Model Hold 'clk'
Slack : 0.076
TNS   : 0.000

Type  : Fast 1200mV 0C Model Hold 'instruction_decoder:inst_decoder|ir[0]'
Slack : 0.269
TNS   : 0.000

Type  : Fast 1200mV 0C Model Hold 'program_sequencer:prog_sequencer|hold'
Slack : 0.334
TNS   : 0.000

Type  : Fast 1200mV 0C Model Recovery 'program_sequencer:prog_sequencer|hold'
Slack : -0.715
TNS   : -2.525

Type  : Fast 1200mV 0C Model Removal 'program_sequencer:prog_sequencer|hold'
Slack : 0.214
TNS   : 0.000

Type  : Fast 1200mV 0C Model Minimum Pulse Width 'clk'
Slack : -3.000
TNS   : -85.470

Type  : Fast 1200mV 0C Model Minimum Pulse Width 'program_sequencer:prog_sequencer|end_hold'
Slack : -1.000
TNS   : -16.000

Type  : Fast 1200mV 0C Model Minimum Pulse Width 'instruction_decoder:inst_decoder|ir[0]'
Slack : 0.286
TNS   : 0.000

Type  : Fast 1200mV 0C Model Minimum Pulse Width 'program_sequencer:prog_sequencer|hold'
Slack : 0.317
TNS   : 0.000

------------------------------------------------------------
